// Jest Snapshot v1, https://goo.gl/fbAQLP

exports[`welcome rtl render component should be rendered correctly in RTL direction 1`] = `
<div
  class="ant-welcome ant-welcome-filled ant-welcome-rtl ant-flex ant-flex-rtl"
>
  <div
    class="ant-welcome-content-wrapper ant-flex ant-flex-align-stretch ant-flex-rtl ant-flex-vertical"
  />
</div>
`;
