// Jest Snapshot v1, https://goo.gl/fbAQLP

exports[`renders components/chat-box/demo/basic.tsx extend context correctly 1`] = `
<div>
  2333
</div>
`;

exports[`renders components/chat-box/demo/basic.tsx extend context correctly 2`] = `
[
  "Warning: forwardRef render functions accept exactly two parameters: props and ref. %s",
]
`;
